// Jest Snapshot v1, https://goo.gl/fbAQLP

exports[`should render BaseButton 1`] = `
<button
  className="button autoWidth lightTheme"
  disabled={false}
  type="submit"
>
  Click me
</button>
`;
